
########## 01-validate-before-init : terraform validate -no-color (exit=1)

Error: Missing required provider

This configuration requires provider
registry.terraform.io/hashicorp/aws,
but that provider isn't available. You
may be able to install it automatically
by running:
  terraform init

########## 02-init : terraform init -no-color (exit=0)
Initializing the backend...
Initializing provider plugins...
- Finding hashicorp/aws versions matching "~> 6.0"...
- Installing hashicorp/aws v6.60.0...
- Installed hashicorp/aws v6.60.0 (signed by HashiCorp)
Terraform has created a lock file .terraform.lock.hcl to record the provider
selections it made above. Include this file in your version control repository
so that Terraform can guarantee to make the same selections by default when
you run "terraform init" in the future.

Terraform has been successfully initialized!

You may now begin working with Terraform. Try running "terraform plan" to see
any changes that are required for your infrastructure. All Terraform commands
should now work.

If you ever set or change modules or backend configuration for Terraform,
rerun this command to reinitialize your working directory. If you forget, other
commands will detect it and remind you to do so if necessary.

########## 03-validate : terraform validate -no-color (exit=0)
Success! The configuration is valid.


########## 04-plan : terraform plan -no-color (exit=0)

Terraform used the selected providers
to generate the following execution
plan. Resource actions are indicated
with the following symbols:
  + create

Terraform will perform the following actions:

  # aws_ecs_cluster.app will be created
  + resource "aws_ecs_cluster" "app" {
      + arn      = (known after apply)
      + id       = (known after apply)
      + name     = "tf-hello"
      + region   = "ap-northeast-1"
      + tags     = {
          + "Env" = "sandbox"
        }
      + tags_all = {
          + "Env" = "sandbox"
        }

      + setting (known after apply)
    }

Plan: 1 to add, 0 to change, 0 to destroy.

───────────────────────────────────────

Note: You didn't use the -out option to
save this plan, so Terraform can't
guarantee to take exactly these actions
if you run "terraform apply" now.

########## 04b-offline-endpoints : terraform plan -no-color (exit=0)

Terraform used the selected providers
to generate the following execution
plan. Resource actions are indicated
with the following symbols:
  + create

Terraform will perform the following actions:

  # aws_ecs_cluster.app will be created
  + resource "aws_ecs_cluster" "app" {
      + arn      = (known after apply)
      + id       = (known after apply)
      + name     = "tf-hello"
      + region   = "ap-northeast-1"
      + tags     = {
          + "Env" = "sandbox"
        }
      + tags_all = {
          + "Env" = "sandbox"
        }

      + setting (known after apply)
    }

Plan: 1 to add, 0 to change, 0 to destroy.

───────────────────────────────────────

Note: You didn't use the -out option to
save this plan, so Terraform can't
guarantee to take exactly these actions
if you run "terraform apply" now.

########## 05-state-list : terraform state list -no-color (exit=1)
No state file was found!

State management commands require a state file. Run this command
in a directory where Terraform has been run or use the -state flag
to point the command to a specific state location.

########## 06-missing-brace : terraform validate -no-color (exit=1)

Error: Unclosed configuration block

  on main.tf line 24, in resource "aws_ecs_cluster" "app":
  24: resource "aws_ecs_cluster" "app" {

There is no closing brace for this
block before the end of the file. This
may be caused by incorrect brace
nesting elsewhere in this file.

########## 07-typo-argument : terraform validate -no-color (exit=1)

Error: Missing required argument

  on main.tf line 24, in resource "aws_ecs_cluster" "app":
  24: resource "aws_ecs_cluster" "app" {

The argument "name" is required, but no
definition was found.

Error: Unsupported argument

  on main.tf line 25, in resource "aws_ecs_cluster" "app":
  25:   nmae = "tf-hello"

An argument named "nmae" is not
expected here. Did you mean "name"?

########## 08-missing-required : terraform validate -no-color (exit=1)

Error: Missing required argument

  on main.tf line 24, in resource "aws_ecs_cluster" "app":
  24: resource "aws_ecs_cluster" "app" {

The argument "name" is required, but no
definition was found.

########## 09-bad-reference : terraform validate -no-color (exit=1)

Error: Reference to undeclared resource

  on main.tf line 28, in resource "aws_ecs_cluster" "app":
  28:     Env = aws_ecs_cluster.nope.id

A managed resource "aws_ecs_cluster"
"nope" has not been declared in the
root module.

########## 10-missing-equals : terraform validate -no-color (exit=1)

Error: Invalid block definition

  on main.tf line 25, in resource "aws_ecs_cluster" "app":
  25:   name "tf-hello"

A block definition must have block
content delimited by "{" and "}",
starting on the same line as the block
header.

########## 11-fmt-check : terraform fmt -check -diff -no-color (exit=3)
main.tf
--- old/main.tf
+++ new/main.tf
@@ -21,8 +21,8 @@
   skip_region_validation      = true
 }
 
-resource "aws_ecs_cluster"   "app" {
-      name="tf-hello"
+resource "aws_ecs_cluster" "app" {
+  name = "tf-hello"
 
   tags = {
     Env = "sandbox"

########## 12-validate-again : terraform validate -no-color (exit=0)
Success! The configuration is valid.


########## 13-plan-out : terraform plan -no-color -out=tfplan (exit=0)

Terraform used the selected providers
to generate the following execution
plan. Resource actions are indicated
with the following symbols:
  + create

Terraform will perform the following actions:

  # aws_ecs_cluster.app will be created
  + resource "aws_ecs_cluster" "app" {
      + arn      = (known after apply)
      + id       = (known after apply)
      + name     = "tf-hello"
      + region   = "ap-northeast-1"
      + tags     = {
          + "Env" = "sandbox"
        }
      + tags_all = {
          + "Env" = "sandbox"
        }

      + setting (known after apply)
    }

Plan: 1 to add, 0 to change, 0 to destroy.

───────────────────────────────────────

Saved the plan to: tfplan

To perform exactly these actions, run
the following command to apply:
    terraform apply "tfplan"

########## 14-plan-json : show -json | 要約
format_version : 1.2
terraform_ver  : 1.14.3
resource_count : 1

addr    : aws_ecs_cluster.app
actions : create
known   : configuration, name, region,
          service_connect_defaults,
          tags, tags_all
unknown : arn, id, setting

########## 14b-detailed-exitcode : terraform plan -no-color -detailed-exitcode -compact-warnings (exit=2)

Terraform used the selected providers
to generate the following execution
plan. Resource actions are indicated
with the following symbols:
  + create

Terraform will perform the following actions:

  # aws_ecs_cluster.app will be created
  + resource "aws_ecs_cluster" "app" {
      + arn      = (known after apply)
      + id       = (known after apply)
      + name     = "tf-hello"
      + region   = "ap-northeast-1"
      + tags     = {
          + "Env" = "sandbox"
        }
      + tags_all = {
          + "Env" = "sandbox"
        }

      + setting (known after apply)
    }

Plan: 1 to add, 0 to change, 0 to destroy.

───────────────────────────────────────

Note: You didn't use the -out option to
save this plan, so Terraform can't
guarantee to take exactly these actions
if you run "terraform apply" now.

########## 15-version-too-new : terraform validate -no-color (exit=1)

Error: Unsupported Terraform Core version

  on main.tf line 2, in terraform:
   2:   required_version = ">= 99.0.0"

This configuration does not support
Terraform version 1.14.3. To proceed,
either choose another supported
Terraform version or update this
version constraint. Version constraints
are normally set for good reason, so
updating the constraint may lead to
other errors or unexpected behavior.

########## 16-no-credentials : terraform plan -no-color (exit=1)

Planning failed. Terraform encountered an error while generating this plan.


Error: No valid credential sources found

  with provider["registry.terraform.io/hashicorp/aws"],
  on main.tf line 11, in provider "aws":
  11: provider "aws" {

Please see
https://registry.terraform.io/providers/hashicorp/aws
for more information about providing
credentials.

Error: failed to refresh cached
credentials, no EC2 IMDS role found,
operation error ec2imds: GetMetadata,
http response error StatusCode: 403,
request to EC2 IMDS failed


########## 17-data-source : terraform plan -no-color (exit=1)
data.aws_caller_identity.me: Reading...

Terraform used the selected providers
to generate the following execution
plan. Resource actions are indicated
with the following symbols:
  + create

Terraform planned the following actions, but then encountered a problem:

  # aws_ecs_cluster.app will be created
  + resource "aws_ecs_cluster" "app" {
      + arn      = (known after apply)
      + id       = (known after apply)
      + name     = "tf-hello"
      + region   = "ap-northeast-1"
      + tags     = {
          + "Env" = "sandbox"
        }
      + tags_all = {
          + "Env" = "sandbox"
        }

      + setting (known after apply)
    }

Plan: 1 to add, 0 to change, 0 to destroy.

Error: reading STS Caller Identity

  with data.aws_caller_identity.me,
  on main.tf line 32, in data "aws_caller_identity" "me":
  32: data "aws_caller_identity" "me" {}

operation error STS: GetCallerIdentity,
https response error StatusCode: 403,
RequestID:
aecef423-a705-4639-9b34-0b868f50a579,
api error InvalidClientTokenId: The
security token included in the request
is invalid.

########## 18-files : init が作ったもの
$ ls -a
  .
  ..
  .terraform
  .terraform.lock.hcl
  main.tf
  tfplan
  tfplan.json

$ du -sh .terraform
840M	.terraform


$ head -7 .terraform.lock.hcl
# This file is maintained automatically by "terraform init".
# Manual edits may be lost in future updates.

provider "registry.terraform.io/hashicorp/aws" {
  version     = "6.60.0"
  constraints = "~> 6.0"
  hashes = [

########## 19-no-apply : applyしていない証拠
# apply は一度も実行していない
$ terraform state list
  No state file was found!
$ ls terraform.tfstate
  ls: cannot access 'terraform.tfstate': No such file or directory

########## 00-exitcodes : 終了コード一覧
command                   exit
------------------------------
validate (init前)            1
init                         0
validate                     0
plan                         0
plan -out=tfplan             0
plan -detailed-exitcode      2
fmt -check                   3
state list (state無)         1
validate (閉じ}無)           1
validate (名前typo)          1
validate (版不一致)          1
plan (認証情報無)            1
plan (dataあり)              1

########## 99-versions : 実行環境
terraform : 1.14.3
platform  : linux_amd64
provider  : hashicorp/aws
            6.60.0
python3   : Python 3.11.15
date(UTC) : 2026-08-15T05:42:25Z

########## fold40 が中身を変えていないかの確認
文字が一致したファイル : 22
一致しなかったファイル : 0

########## 表示幅チェック (40桁超えの行数)
[out]
ok 00-exitcodes             0
ok 01-validate-before-init  0
NG 02-init                  11
ok 03-validate              0
NG 04-plan                  2
NG 04b-offline-endpoints    2
NG 05-state-list            3
NG 06-missing-brace         1
NG 07-typo-argument         2
NG 08-missing-required      1
NG 09-bad-reference         1
NG 10-missing-equals        1
ok 11-fmt-check             0
ok 12-validate-again        0
NG 13-plan-out              2
ok 14-plan-json             0
NG 14b-detailed-exitcode    2
NG 15-version-too-new       1
NG 16-no-credentials        3
NG 17-data-source           3
NG 18-files                 3
NG 19-no-apply              1
ok 98-fold-verify           0
ok 99-versions              0
[fold40]
ok 00-exitcodes             0
ok 01-validate-before-init  0
ok 02-init                  0
ok 03-validate              0
ok 04-plan                  0
ok 04b-offline-endpoints    0
ok 05-state-list            0
ok 06-missing-brace         0
ok 07-typo-argument         0
ok 08-missing-required      0
ok 09-bad-reference         0
ok 10-missing-equals        0
ok 11-fmt-check             0
ok 12-validate-again        0
ok 13-plan-out              0
ok 14-plan-json             0
ok 14b-detailed-exitcode    0
ok 15-version-too-new       0
ok 16-no-credentials        0
ok 17-data-source           0
ok 18-files                 0
ok 19-no-apply              0

########## exit code 一覧
01-validate-before-init exit=1
02-init                exit=0
03-validate            exit=0
04-plan                exit=0
04b-offline-endpoints  exit=0
05-state-list          exit=1
06-missing-brace       exit=1
07-typo-argument       exit=1
08-missing-required    exit=1
09-bad-reference       exit=1
10-missing-equals      exit=1
11-fmt-check           exit=3
12-validate-again      exit=0
13-plan-out            exit=0
14b-detailed-exitcode  exit=2
15-version-too-new     exit=1
16-no-credentials      exit=1
17-data-source         exit=1
